2026-07-30 00:30:16,307 - INFO - connection done successfully.
2026-07-30 00:30:16,307 - ERROR - connection could not be made due to the error: module 'routers.roles' has no attribute '_contains_router'
2026-07-30 00:30:41,865 - INFO - connection done successfully.
2026-07-30 00:30:41,865 - ERROR - connection could not be made due to the error: module 'routers.roles' has no attribute '_contains_router'
2026-07-30 00:37:59,928 - ERROR - connection could not be made due to the error: (pymysql.err.OperationalError) (1045, "Access denied for user 'root'@'localhost' (using password: YES)")
(Background on this error at: https://sqlalche.me/e/20/e3q8)
2026-07-30 00:38:56,096 - INFO - connection done successfully.
2026-07-30 00:40:57,460 - INFO - connection done successfully.
2026-07-30 00:41:05,080 - ERROR - connection could not be made due to the error: (pymysql.err.OperationalError) (1045, "Access denied for user 'root'@'localhost' (using password: YES)")
(Background on this error at: https://sqlalche.me/e/20/e3q8)
2026-07-30 02:10:44,908 - INFO - connection done successfully.
2026-07-30 02:12:10,051 - INFO - connection done successfully.
2026-07-30 02:12:31,986 - ERROR - connection could not be made due to the error: (pymysql.err.OperationalError) (1045, "Access denied for user 'root'@'localhost' (using password: YES)")
(Background on this error at: https://sqlalche.me/e/20/e3q8)
2026-07-31 23:32:16,325 - INFO - connection done successfully.
2026-07-31 23:32:32,122 - ERROR - connection could not be made due to the error: (pymysql.err.OperationalError) (1045, "Access denied for user 'root'@'localhost' (using password: YES)")
(Background on this error at: https://sqlalche.me/e/20/e3q8)
2026-07-31 23:40:15,964 - ERROR - connection could not be made due to the error: (pymysql.err.OperationalError) (1045, "Access denied for user 'root'@'localhost' (using password: YES)")
(Background on this error at: https://sqlalche.me/e/20/e3q8)
2026-07-31 23:41:46,013 - ERROR - connection could not be made due to the error: (pymysql.err.OperationalError) (1045, "Access denied for user 'root'@'localhost' (using password: YES)")
(Background on this error at: https://sqlalche.me/e/20/e3q8)
2026-07-31 23:44:42,422 - ERROR - connection could not be made due to the error: (pymysql.err.OperationalError) (1045, "Access denied for user 'root'@'localhost' (using password: YES)")
(Background on this error at: https://sqlalche.me/e/20/e3q8)
2026-07-31 23:45:56,693 - ERROR - connection could not be made due to the error: (pymysql.err.OperationalError) (1045, "Access denied for user 'root'@'localhost' (using password: YES)")
(Background on this error at: https://sqlalche.me/e/20/e3q8)
2026-07-31 23:46:04,732 - ERROR - connection could not be made due to the error: (pymysql.err.OperationalError) (1045, "Access denied for user 'root'@'localhost' (using password: YES)")
(Background on this error at: https://sqlalche.me/e/20/e3q8)
2026-07-31 23:48:34,189 - ERROR - connection could not be made due to the error: (pymysql.err.OperationalError) (1045, "Access denied for user 'root'@'localhost' (using password: YES)")
(Background on this error at: https://sqlalche.me/e/20/e3q8)
2026-07-31 23:49:54,919 - ERROR - connection could not be made due to the error: (pymysql.err.OperationalError) (1045, "Access denied for user 'root'@'localhost' (using password: YES)")
(Background on this error at: https://sqlalche.me/e/20/e3q8)
2026-07-31 23:50:28,816 - ERROR - connection could not be made due to the error: (pymysql.err.OperationalError) (1045, "Access denied for user 'root'@'localhost' (using password: YES)")
(Background on this error at: https://sqlalche.me/e/20/e3q8)
2026-07-31 23:53:48,516 - ERROR - connection could not be made due to the error: (pymysql.err.OperationalError) (1045, "Access denied for user 'root'@'localhost' (using password: YES)")
(Background on this error at: https://sqlalche.me/e/20/e3q8)
2026-07-31 23:55:02,700 - ERROR - connection could not be made due to the error: (pymysql.err.OperationalError) (1045, "Access denied for user 'root'@'localhost' (using password: YES)")
(Background on this error at: https://sqlalche.me/e/20/e3q8)
2026-07-31 23:55:12,289 - ERROR - connection could not be made due to the error: (pymysql.err.OperationalError) (1045, "Access denied for user 'root'@'localhost' (using password: YES)")
(Background on this error at: https://sqlalche.me/e/20/e3q8)
2026-07-31 23:58:14,005 - ERROR - connection could not be made due to the error: (pymysql.err.OperationalError) (1045, "Access denied for user 'root'@'localhost' (using password: YES)")
(Background on this error at: https://sqlalche.me/e/20/e3q8)
2026-08-01 00:00:23,811 - ERROR - connection could not be made due to the error: (pymysql.err.OperationalError) (1045, "Access denied for user 'root'@'localhost' (using password: YES)")
(Background on this error at: https://sqlalche.me/e/20/e3q8)
2026-08-01 00:00:33,560 - ERROR - connection could not be made due to the error: (pymysql.err.OperationalError) (1045, "Access denied for user 'root'@'localhost' (using password: YES)")
(Background on this error at: https://sqlalche.me/e/20/e3q8)
2026-08-01 00:02:28,064 - ERROR - connection could not be made due to the error: (pymysql.err.OperationalError) (1045, "Access denied for user 'root'@'localhost' (using password: YES)")
(Background on this error at: https://sqlalche.me/e/20/e3q8)
2026-08-01 00:02:37,870 - ERROR - connection could not be made due to the error: (pymysql.err.OperationalError) (1045, "Access denied for user 'root'@'localhost' (using password: YES)")
(Background on this error at: https://sqlalche.me/e/20/e3q8)
2026-08-01 00:08:48,915 - ERROR - connection could not be made due to the error: (pymysql.err.OperationalError) (1045, "Access denied for user 'root'@'localhost' (using password: YES)")
(Background on this error at: https://sqlalche.me/e/20/e3q8)
2026-08-01 00:15:57,788 - ERROR - connection could not be made due to the error: (pymysql.err.OperationalError) (1045, "Access denied for user 'root'@'localhost' (using password: YES)")
(Background on this error at: https://sqlalche.me/e/20/e3q8)
2026-08-01 00:24:07,014 - ERROR - connection could not be made due to the error: (pymysql.err.OperationalError) (1045, "Access denied for user 'root'@'localhost' (using password: YES)")
(Background on this error at: https://sqlalche.me/e/20/e3q8)
2026-08-01 00:24:23,217 - ERROR - connection could not be made due to the error: (pymysql.err.OperationalError) (1045, "Access denied for user 'root'@'localhost' (using password: YES)")
(Background on this error at: https://sqlalche.me/e/20/e3q8)
2026-08-01 00:27:29,588 - INFO - connection done successfully.
2026-08-01 00:27:38,564 - INFO - connection done successfully.
2026-08-01 00:40:02,604 - INFO - connection done successfully.
2026-08-01 00:43:31,255 - INFO - connection done successfully.
2026-08-01 00:47:13,375 - INFO - connection done successfully.
2026-08-01 00:52:06,308 - INFO - connection done successfully.
2026-08-01 00:55:34,173 - INFO - connection done successfully.
2026-08-01 01:03:19,198 - INFO - connection done successfully.
2026-08-01 01:04:03,103 - INFO - connection done successfully.
2026-08-01 01:05:05,486 - INFO - connection done successfully.
2026-08-01 01:05:14,869 - INFO - connection done successfully.
2026-08-01 01:06:58,792 - INFO - connection done successfully.
2026-08-01 01:07:34,146 - INFO - connection done successfully.
2026-08-01 01:13:44,483 - INFO - connection done successfully.
2026-08-01 01:13:47,638 - INFO - connection done successfully.
2026-08-01 01:17:28,644 - INFO - connection done successfully.
2026-08-01 01:18:03,012 - INFO - connection done successfully.
2026-08-01 01:20:32,309 - INFO - connection done successfully.
2026-08-01 02:30:14,449 - INFO - connection done successfully.
2026-08-01 02:30:27,614 - INFO - connection done successfully.
2026-08-01 04:02:35,129 - INFO - connection done successfully.
2026-08-01 04:03:09,688 - INFO - connection done successfully.
2026-08-01 04:05:50,438 - INFO - connection done successfully.
2026-08-01 04:12:31,820 - INFO - connection done successfully.
2026-08-01 04:16:07,074 - INFO - connection done successfully.
2026-08-01 04:17:31,411 - INFO - connection done successfully.
2026-08-01 04:30:13,416 - INFO - connection done successfully.
2026-08-01 04:30:28,674 - INFO - connection done successfully.
2026-08-01 04:31:33,723 - INFO - connection done successfully.
2026-08-01 04:32:09,634 - INFO - connection done successfully.
2026-08-01 04:34:18,292 - INFO - connection done successfully.
2026-08-01 04:34:49,022 - INFO - connection done successfully.
2026-08-01 04:35:45,465 - INFO - connection done successfully.
2026-08-01 04:38:09,322 - INFO - connection done successfully.
2026-08-01 04:42:16,814 - INFO - connection done successfully.
2026-08-01 04:43:11,227 - INFO - connection done successfully.
2026-08-01 05:01:39,432 - INFO - connection done successfully.
2026-08-01 05:01:45,817 - INFO - connection done successfully.
2026-08-01 05:04:48,302 - INFO - connection done successfully.
2026-08-01 05:08:42,235 - INFO - connection done successfully.
2026-08-01 05:11:55,704 - INFO - connection done successfully.
2026-08-01 05:15:30,273 - INFO - connection done successfully.
2026-08-01 05:15:39,435 - INFO - connection done successfully.
2026-08-01 05:18:33,043 - INFO - connection done successfully.
2026-08-01 05:18:36,871 - INFO - connection done successfully.
2026-08-01 05:21:17,252 - INFO - connection done successfully.
2026-08-01 05:26:41,333 - INFO - connection done successfully.
2026-08-01 05:27:32,791 - INFO - connection done successfully.
2026-08-01 05:29:48,904 - INFO - connection done successfully.
2026-08-01 05:36:35,598 - INFO - connection done successfully.
2026-08-01 05:37:37,995 - INFO - connection done successfully.
2026-08-01 05:40:05,709 - INFO - connection done successfully.
2026-08-01 06:10:42,084 - INFO - connection done successfully.
2026-08-01 06:10:53,769 - INFO - connection done successfully.
2026-08-01 06:18:31,722 - INFO - connection done successfully.
2026-08-01 06:23:59,716 - INFO - connection done successfully.
2026-08-01 06:24:15,213 - INFO - connection done successfully.
2026-08-01 06:25:07,300 - INFO - connection done successfully.
2026-08-01 06:25:31,409 - INFO - connection done successfully.
2026-08-01 06:25:43,497 - INFO - connection done successfully.
2026-08-01 06:27:22,072 - INFO - connection done successfully.
2026-08-01 06:29:05,912 - INFO - connection done successfully.
2026-08-01 06:36:05,755 - INFO - connection done successfully.
2026-08-01 06:38:42,562 - INFO - connection done successfully.
2026-08-01 06:46:04,664 - INFO - connection done successfully.
2026-08-01 06:46:45,969 - INFO - connection done successfully.
2026-08-01 06:47:09,972 - INFO - connection done successfully.
2026-08-01 06:51:18,337 - INFO - connection done successfully.
2026-08-01 07:01:27,880 - INFO - connection done successfully.
2026-08-01 07:01:40,166 - INFO - connection done successfully.
2026-08-01 07:06:09,767 - INFO - connection done successfully.
2026-08-01 07:08:10,701 - INFO - connection done successfully.
2026-08-02 00:48:46,817 - INFO - connection done successfully.
2026-08-02 00:50:44,017 - INFO - connection done successfully.
2026-08-02 01:17:23,221 - INFO - connection done successfully.
2026-08-02 07:58:57,980 - INFO - connection done successfully.
2026-08-02 08:08:22,460 - INFO - connection done successfully.
2026-08-02 08:08:54,399 - INFO - connection done successfully.
2026-08-02 08:12:42,512 - INFO - connection done successfully.
2026-08-02 08:33:52,968 - INFO - connection done successfully.
2026-08-02 08:34:20,418 - INFO - connection done successfully.
2026-08-02 08:34:50,618 - INFO - connection done successfully.
2026-08-02 08:35:25,821 - INFO - connection done successfully.
2026-08-02 08:42:39,835 - INFO - connection done successfully.
2026-08-02 08:46:13,765 - INFO - connection done successfully.
2026-08-02 08:48:04,479 - INFO - connection done successfully.
2026-08-02 08:50:41,584 - INFO - connection done successfully.
2026-08-02 23:21:05,957 - INFO - connection done successfully.
2026-08-02 23:21:20,724 - INFO - connection done successfully.
2026-08-02 23:28:56,524 - INFO - connection done successfully.
2026-08-02 23:31:03,457 - INFO - connection done successfully.
2026-08-02 23:31:06,107 - INFO - connection done successfully.
2026-08-02 23:52:23,296 - INFO - connection done successfully.
2026-08-02 23:52:36,814 - INFO - connection done successfully.
2026-08-02 23:56:30,841 - INFO - connection done successfully.
2026-08-02 23:56:44,776 - INFO - connection done successfully.
2026-08-03 00:03:46,851 - INFO - connection done successfully.
2026-08-03 00:09:23,128 - INFO - connection done successfully.
2026-08-03 00:15:26,177 - INFO - connection done successfully.
2026-08-03 00:16:42,098 - INFO - connection done successfully.
2026-08-03 00:17:41,073 - INFO - connection done successfully.
2026-08-03 00:21:18,147 - INFO - connection done successfully.
2026-08-03 00:22:25,316 - INFO - connection done successfully.
2026-08-03 00:32:02,739 - INFO - connection done successfully.
2026-08-03 00:32:43,172 - INFO - connection done successfully.
2026-08-03 00:33:06,994 - INFO - connection done successfully.
2026-08-03 00:33:46,767 - INFO - connection done successfully.
2026-08-03 00:34:07,958 - INFO - connection done successfully.
2026-08-03 00:34:24,021 - INFO - connection done successfully.
2026-08-03 00:34:45,169 - INFO - connection done successfully.
2026-08-03 00:37:17,586 - INFO - connection done successfully.
2026-08-03 00:45:41,342 - INFO - connection done successfully.
2026-08-03 00:49:58,951 - INFO - connection done successfully.
2026-08-03 01:14:00,048 - INFO - connection done successfully.
2026-08-03 01:18:33,201 - INFO - connection done successfully.
2026-08-03 01:22:41,210 - INFO - connection done successfully.
2026-08-03 01:39:30,009 - INFO - connection done successfully.
2026-08-03 01:44:52,603 - INFO - connection done successfully.
2026-08-03 01:45:42,324 - INFO - connection done successfully.
2026-08-03 01:52:59,651 - INFO - connection done successfully.
2026-08-03 01:53:17,532 - INFO - connection done successfully.
2026-08-03 01:58:18,876 - INFO - connection done successfully.
2026-08-03 01:58:50,201 - INFO - connection done successfully.
2026-08-03 02:00:44,858 - INFO - connection done successfully.
2026-08-03 02:06:00,950 - INFO - connection done successfully.
2026-08-03 02:06:25,022 - INFO - connection done successfully.
2026-08-03 02:15:17,769 - INFO - connection done successfully.
2026-08-03 02:15:23,447 - INFO - connection done successfully.
2026-08-03 02:15:27,887 - INFO - connection done successfully.
2026-08-03 02:16:35,625 - INFO - connection done successfully.
2026-08-03 02:23:29,375 - INFO - connection done successfully.
2026-08-03 02:24:23,305 - INFO - connection done successfully.
2026-08-03 02:24:31,621 - INFO - connection done successfully.
2026-08-03 02:27:45,565 - INFO - connection done successfully.
2026-08-03 02:29:35,469 - INFO - connection done successfully.
2026-08-03 02:38:27,088 - INFO - connection done successfully.
2026-08-03 03:03:29,711 - INFO - connection done successfully.
2026-08-03 03:03:43,104 - INFO - connection done successfully.
2026-08-03 03:38:35,387 - INFO - connection done successfully.
2026-08-03 03:58:22,125 - INFO - connection done successfully.
2026-08-03 03:58:52,150 - INFO - connection done successfully.
2026-08-03 04:06:36,462 - INFO - connection done successfully.
2026-08-03 04:06:38,621 - INFO - connection done successfully.
2026-08-03 04:06:50,147 - INFO - connection done successfully.
2026-08-03 04:21:47,265 - INFO - connection done successfully.
2026-08-03 04:23:10,604 - INFO - connection done successfully.
2026-08-03 04:24:41,905 - INFO - connection done successfully.
2026-08-03 04:24:43,994 - INFO - connection done successfully.
2026-08-03 04:26:12,387 - INFO - connection done successfully.
2026-08-03 04:26:29,344 - INFO - connection done successfully.
2026-08-03 04:29:58,371 - INFO - connection done successfully.
2026-08-03 04:34:24,439 - INFO - connection done successfully.
2026-08-03 04:34:35,989 - INFO - connection done successfully.
2026-08-03 04:42:29,645 - INFO - connection done successfully.
2026-08-03 04:46:14,111 - INFO - connection done successfully.
2026-08-03 04:46:32,746 - INFO - connection done successfully.
2026-08-03 04:49:48,044 - INFO - connection done successfully.
2026-08-03 04:58:57,525 - INFO - connection done successfully.
2026-08-03 04:59:22,228 - INFO - connection done successfully.
2026-08-03 05:00:57,700 - INFO - connection done successfully.
2026-08-03 05:38:39,753 - INFO - connection done successfully.
2026-08-03 05:49:28,725 - INFO - connection done successfully.
2026-08-03 05:49:55,254 - INFO - connection done successfully.
2026-08-03 05:56:44,422 - INFO - connection done successfully.
2026-08-03 05:57:18,085 - INFO - connection done successfully.
2026-08-03 05:59:53,089 - INFO - connection done successfully.
2026-08-03 06:04:10,978 - INFO - connection done successfully.
2026-08-03 06:05:16,629 - INFO - connection done successfully.
2026-08-03 06:05:55,232 - INFO - connection done successfully.
2026-08-03 06:06:01,959 - INFO - connection done successfully.
2026-08-03 06:06:06,023 - INFO - connection done successfully.
2026-08-03 06:09:20,301 - INFO - connection done successfully.
2026-08-03 06:15:12,061 - INFO - connection done successfully.
2026-08-03 06:18:14,031 - INFO - connection done successfully.
2026-08-03 06:19:01,568 - INFO - connection done successfully.
2026-08-03 06:19:19,856 - INFO - connection done successfully.
2026-08-03 06:19:26,982 - INFO - connection done successfully.
2026-08-03 06:19:49,689 - INFO - connection done successfully.
2026-08-03 06:20:10,141 - INFO - connection done successfully.
2026-08-03 06:20:32,197 - INFO - connection done successfully.
2026-08-03 06:20:58,374 - INFO - connection done successfully.
2026-08-03 06:21:55,573 - INFO - connection done successfully.
2026-08-03 06:23:45,453 - INFO - connection done successfully.
2026-08-03 06:24:11,405 - INFO - connection done successfully.
2026-08-03 06:26:49,845 - INFO - connection done successfully.
2026-08-03 06:27:56,768 - INFO - connection done successfully.
2026-08-03 06:36:22,309 - INFO - connection done successfully.
2026-08-03 06:38:27,223 - INFO - connection done successfully.
2026-08-03 06:39:08,550 - INFO - connection done successfully.
2026-08-03 06:40:58,288 - INFO - connection done successfully.
2026-08-03 06:41:24,826 - INFO - connection done successfully.
2026-08-03 06:41:57,132 - INFO - connection done successfully.
2026-08-03 06:43:23,154 - INFO - connection done successfully.
2026-08-03 06:43:37,842 - INFO - connection done successfully.
2026-08-03 06:54:27,753 - INFO - connection done successfully.
2026-08-03 06:56:59,084 - INFO - connection done successfully.
2026-08-03 06:57:27,007 - INFO - connection done successfully.
2026-08-03 07:09:04,306 - INFO - connection done successfully.
2026-08-03 07:12:58,359 - INFO - connection done successfully.
2026-08-03 07:13:31,997 - INFO - connection done successfully.
2026-08-03 07:14:56,957 - INFO - connection done successfully.
2026-08-03 07:18:28,440 - INFO - connection done successfully.
2026-08-03 07:19:21,146 - INFO - connection done successfully.
2026-08-03 07:24:02,960 - INFO - connection done successfully.
2026-08-03 07:24:18,027 - INFO - connection done successfully.
2026-08-03 07:26:00,403 - INFO - connection done successfully.
2026-08-03 07:34:11,739 - INFO - connection done successfully.
2026-08-03 07:34:34,842 - INFO - connection done successfully.
2026-08-03 07:34:53,827 - INFO - connection done successfully.
2026-08-03 07:35:24,815 - INFO - connection done successfully.
2026-08-03 07:38:03,011 - INFO - connection done successfully.
2026-08-03 07:41:34,043 - INFO - connection done successfully.
2026-08-03 07:42:03,400 - INFO - connection done successfully.
2026-08-03 07:43:20,884 - INFO - connection done successfully.
2026-08-03 07:43:32,756 - INFO - connection done successfully.
2026-08-03 07:46:39,242 - INFO - connection done successfully.
2026-08-03 07:46:46,413 - INFO - connection done successfully.
2026-08-03 07:47:25,540 - INFO - connection done successfully.
2026-08-03 07:47:48,102 - INFO - connection done successfully.
2026-08-03 07:48:17,914 - INFO - connection done successfully.
2026-08-03 07:58:00,079 - INFO - connection done successfully.
2026-08-03 07:58:11,848 - INFO - connection done successfully.
2026-08-03 08:02:55,263 - INFO - connection done successfully.
2026-08-03 08:05:41,647 - INFO - connection done successfully.
2026-08-03 08:07:17,636 - INFO - connection done successfully.
2026-08-03 08:10:15,876 - INFO - connection done successfully.
2026-08-03 08:10:17,524 - INFO - connection done successfully.
2026-08-03 08:12:09,450 - INFO - connection done successfully.
2026-08-03 08:13:32,805 - INFO - connection done successfully.
2026-08-03 08:15:17,106 - INFO - connection done successfully.
2026-08-05 03:43:26,034 - INFO - connection done successfully.
2026-08-05 03:44:54,139 - INFO - connection done successfully.
2026-08-05 03:45:05,075 - INFO - connection done successfully.
2026-08-05 05:12:44,332 - INFO - connection done successfully.
2026-08-05 05:16:22,506 - INFO - connection done successfully.
2026-08-05 05:16:53,060 - INFO - connection done successfully.
2026-08-05 05:17:08,381 - INFO - connection done successfully.
2026-08-05 05:31:37,638 - INFO - connection done successfully.
2026-08-05 05:33:58,864 - INFO - connection done successfully.
2026-08-05 05:35:01,967 - INFO - connection done successfully.
2026-08-05 05:35:25,396 - INFO - connection done successfully.
2026-08-05 05:36:44,802 - INFO - connection done successfully.
2026-08-05 05:36:55,234 - INFO - connection done successfully.
2026-08-05 05:48:17,091 - INFO - connection done successfully.
2026-08-05 05:48:33,331 - INFO - connection done successfully.
2026-08-05 06:07:27,743 - INFO - connection done successfully.
2026-08-05 06:07:37,405 - INFO - connection done successfully.
2026-08-05 06:09:33,338 - ERROR - connection could not be made due to the error: Foreign key associated with column 'orders.order_status' could not find table 'order_status' with which to generate a foreign key to target column 'status_id'
2026-08-05 06:09:49,392 - ERROR - connection could not be made due to the error: Foreign key associated with column 'orders.payment_method' could not find table 'payment_methods' with which to generate a foreign key to target column 'payment_method_id'
2026-08-05 06:11:23,809 - ERROR - connection could not be made due to the error: Foreign key associated with column 'orders.payment_method' could not find table 'payment_methods' with which to generate a foreign key to target column 'payment_method_id'
2026-08-05 06:16:59,607 - ERROR - connection could not be made due to the error: Foreign key associated with column 'orders.order_status' could not find table 'order_status' with which to generate a foreign key to target column 'status_id'
2026-08-05 06:45:03,357 - ERROR - connection could not be made due to the error: Foreign key associated with column 'orders.payment_method' could not find table 'payment_methods' with which to generate a foreign key to target column 'payment_method_id'
2026-08-05 06:56:53,864 - ERROR - connection could not be made due to the error: Foreign key associated with column 'orders.payment_method' could not find table 'payment_methods' with which to generate a foreign key to target column 'payment_method_id'
2026-08-05 06:57:39,973 - ERROR - connection could not be made due to the error: (in table 'report_to', column 'employee_status'): VARCHAR requires a length on dialect mysql
2026-08-05 06:57:52,063 - ERROR - connection could not be made due to the error: (in table 'report_to', column 'employee_status'): VARCHAR requires a length on dialect mysql
2026-08-05 07:05:11,310 - ERROR - connection could not be made due to the error: (in table 'report_to', column 'employee_status'): VARCHAR requires a length on dialect mysql
2026-08-05 07:06:52,391 - ERROR - connection could not be made due to the error: (in table 'report_to', column 'employee_status'): VARCHAR requires a length on dialect mysql
2026-08-05 07:07:28,926 - ERROR - connection could not be made due to the error: (in table 'report_to', column 'employee_status'): VARCHAR requires a length on dialect mysql
2026-08-05 07:07:56,537 - ERROR - connection could not be made due to the error: (in table 'report_to', column 'employee_status'): VARCHAR requires a length on dialect mysql
2026-08-05 07:08:14,609 - ERROR - connection could not be made due to the error: (in table 'report_to', column 'employee_status'): VARCHAR requires a length on dialect mysql
2026-08-05 07:09:46,106 - ERROR - connection could not be made due to the error: (in table 'report_to', column 'employee_status'): VARCHAR requires a length on dialect mysql
2026-08-05 07:09:58,331 - ERROR - connection could not be made due to the error: (in table 'report_to', column 'employee_status'): VARCHAR requires a length on dialect mysql
2026-08-05 07:12:57,289 - ERROR - connection could not be made due to the error: (in table 'report_to', column 'employee_status'): VARCHAR requires a length on dialect mysql
2026-08-05 07:16:29,717 - ERROR - connection could not be made due to the error: (in table 'report_to', column 'employee_status'): VARCHAR requires a length on dialect mysql
2026-08-05 07:21:43,903 - ERROR - connection could not be made due to the error: (in table 'report_to', column 'employee_status'): VARCHAR requires a length on dialect mysql
2026-08-05 07:42:31,144 - ERROR - connection could not be made due to the error: (in table 'report_to', column 'employee_status'): VARCHAR requires a length on dialect mysql
2026-08-05 07:42:39,831 - ERROR - connection could not be made due to the error: (in table 'report_to', column 'employee_status'): VARCHAR requires a length on dialect mysql
2026-08-05 07:45:33,821 - ERROR - connection could not be made due to the error: (in table 'report_to', column 'employee_status'): VARCHAR requires a length on dialect mysql
2026-08-05 07:45:45,298 - ERROR - connection could not be made due to the error: (in table 'report_to', column 'employee_status'): VARCHAR requires a length on dialect mysql
2026-08-05 07:45:48,275 - ERROR - connection could not be made due to the error: (in table 'report_to', column 'employee_status'): VARCHAR requires a length on dialect mysql
2026-08-07 22:38:35,009 - ERROR - connection could not be made due to the error: (in table 'report_to', column 'employee_status'): VARCHAR requires a length on dialect mysql
2026-08-07 22:38:52,816 - ERROR - connection could not be made due to the error: (in table 'report_to', column 'employee_status'): VARCHAR requires a length on dialect mysql
2026-08-08 04:01:27,148 - INFO - connection done successfully.
2026-08-08 04:01:54,382 - INFO - connection done successfully.
2026-08-08 04:02:36,261 - INFO - connection done successfully.
2026-08-08 04:20:38,595 - INFO - connection done successfully.
2026-08-08 04:20:46,775 - INFO - connection done successfully.
2026-08-08 10:39:09,646 - INFO - connection done successfully.
2026-08-08 10:39:26,533 - INFO - connection done successfully.
2026-08-08 10:41:40,309 - INFO - connection done successfully.
2026-08-08 10:50:39,248 - INFO - connection done successfully.
2026-08-08 11:02:30,559 - INFO - connection done successfully.
2026-08-08 11:04:36,663 - INFO - connection done successfully.
2026-08-08 11:17:29,712 - INFO - connection done successfully.
2026-08-08 11:20:39,181 - INFO - connection done successfully.
2026-08-08 11:26:27,005 - INFO - connection done successfully.
2026-08-08 11:42:24,601 - INFO - connection done successfully.
2026-08-08 11:51:58,227 - INFO - connection done successfully.
2026-08-08 11:54:05,781 - INFO - connection done successfully.
2026-08-08 11:55:57,638 - INFO - connection done successfully.
2026-08-08 11:58:19,165 - INFO - connection done successfully.
2026-08-08 11:58:36,331 - INFO - connection done successfully.
2026-08-08 12:04:27,140 - INFO - connection done successfully.
2026-08-08 12:04:45,270 - INFO - connection done successfully.
2026-08-08 22:29:13,992 - INFO - connection done successfully.
2026-08-08 22:29:23,416 - INFO - connection done successfully.
2026-08-08 22:39:52,233 - INFO - connection done successfully.
2026-08-08 22:42:33,331 - INFO - connection done successfully.
2026-08-08 22:44:03,144 - INFO - connection done successfully.
2026-08-08 22:44:18,061 - INFO - connection done successfully.
2026-08-08 22:46:58,764 - INFO - connection done successfully.
2026-08-08 22:48:31,945 - INFO - connection done successfully.
2026-08-08 22:49:49,305 - INFO - connection done successfully.
2026-08-08 23:01:07,377 - INFO - connection done successfully.
2026-08-08 23:06:42,705 - INFO - connection done successfully.
2026-08-08 23:07:11,111 - INFO - connection done successfully.
2026-08-08 23:07:15,494 - INFO - connection done successfully.
2026-08-08 23:10:40,573 - INFO - connection done successfully.
2026-08-08 23:15:41,243 - INFO - connection done successfully.
2026-08-08 23:15:57,228 - INFO - connection done successfully.
2026-08-08 23:16:43,475 - INFO - connection done successfully.
2026-08-08 23:20:00,367 - INFO - connection done successfully.
2026-08-08 23:39:25,048 - INFO - connection done successfully.
2026-08-08 23:43:30,680 - INFO - connection done successfully.
2026-08-08 23:45:37,824 - INFO - connection done successfully.
2026-08-08 23:47:41,642 - INFO - connection done successfully.
2026-08-08 23:53:36,010 - INFO - connection done successfully.
2026-08-08 23:54:58,738 - INFO - connection done successfully.
2026-08-08 23:55:57,420 - INFO - connection done successfully.
2026-08-09 00:28:41,774 - INFO - connection done successfully.
2026-08-09 00:31:51,627 - INFO - connection done successfully.
2026-08-09 00:32:56,000 - INFO - connection done successfully.
2026-08-09 00:33:17,635 - INFO - connection done successfully.
2026-08-09 00:33:51,064 - INFO - connection done successfully.
2026-08-09 01:10:26,453 - INFO - connection done successfully.
2026-08-09 01:12:52,232 - INFO - connection done successfully.
2026-08-09 01:17:26,785 - INFO - connection done successfully.
2026-08-09 01:18:35,761 - INFO - connection done successfully.
2026-08-09 01:18:52,763 - INFO - connection done successfully.
2026-08-09 01:20:55,569 - INFO - connection done successfully.
2026-08-09 01:21:07,557 - INFO - connection done successfully.
2026-08-09 01:26:08,996 - INFO - connection done successfully.
2026-08-09 01:30:21,492 - INFO - connection done successfully.
2026-08-09 01:33:39,574 - INFO - connection done successfully.
2026-08-09 03:45:08,856 - INFO - connection done successfully.
2026-08-09 03:47:48,820 - ERROR - connection could not be made due to the error: (in table 'discount', column 'discount_name'): VARCHAR requires a length on dialect mysql
2026-08-09 03:48:03,310 - ERROR - connection could not be made due to the error: (in table 'discount', column 'discount_name'): VARCHAR requires a length on dialect mysql
2026-08-09 03:59:17,448 - ERROR - connection could not be made due to the error: (in table 'discount', column 'discount_name'): VARCHAR requires a length on dialect mysql
2026-08-09 04:02:58,265 - ERROR - connection could not be made due to the error: (in table 'discount', column 'discount_name'): VARCHAR requires a length on dialect mysql
2026-08-09 04:06:35,608 - ERROR - connection could not be made due to the error: (in table 'discount', column 'discount_name'): VARCHAR requires a length on dialect mysql
2026-08-09 04:09:13,627 - ERROR - connection could not be made due to the error: (in table 'discount', column 'discount_name'): VARCHAR requires a length on dialect mysql
2026-08-09 04:09:35,789 - ERROR - connection could not be made due to the error: (in table 'discount', column 'discount_name'): VARCHAR requires a length on dialect mysql
2026-08-09 04:10:32,363 - ERROR - connection could not be made due to the error: (in table 'discount', column 'discount_name'): VARCHAR requires a length on dialect mysql
2026-08-09 04:13:52,079 - ERROR - connection could not be made due to the error: (in table 'discount', column 'discount_name'): VARCHAR requires a length on dialect mysql
2026-08-09 08:37:26,208 - ERROR - connection could not be made due to the error: (in table 'discount', column 'discount_name'): VARCHAR requires a length on dialect mysql
2026-08-09 08:39:03,224 - ERROR - connection could not be made due to the error: (in table 'orders', column 'discount'): VARCHAR requires a length on dialect mysql
2026-08-09 12:27:58,497 - ERROR - connection could not be made due to the error: (in table 'orders', column 'discount'): VARCHAR requires a length on dialect mysql
2026-08-09 12:28:06,635 - ERROR - connection could not be made due to the error: (in table 'orders', column 'discount'): VARCHAR requires a length on dialect mysql
2026-08-09 22:25:23,805 - ERROR - connection could not be made due to the error: (in table 'orders', column 'discount'): VARCHAR requires a length on dialect mysql
2026-08-09 22:25:35,100 - ERROR - connection could not be made due to the error: (in table 'orders', column 'discount'): VARCHAR requires a length on dialect mysql
2026-08-09 22:26:40,349 - ERROR - connection could not be made due to the error: (in table 'orders', column 'discount'): VARCHAR requires a length on dialect mysql
2026-08-09 22:28:43,239 - ERROR - connection could not be made due to the error: (in table 'discount', column 'discount_name'): VARCHAR requires a length on dialect mysql
2026-08-09 22:31:58,108 - ERROR - connection could not be made due to the error: (in table 'discount', column 'discount_name'): VARCHAR requires a length on dialect mysql
2026-08-09 22:32:26,794 - ERROR - connection could not be made due to the error: (in table 'orders', column 'discount'): VARCHAR requires a length on dialect mysql
2026-08-09 22:32:45,857 - ERROR - connection could not be made due to the error: (in table 'orders', column 'discount'): VARCHAR requires a length on dialect mysql
2026-08-09 22:36:43,914 - ERROR - connection could not be made due to the error: (in table 'orders', column 'discount'): VARCHAR requires a length on dialect mysql
2026-08-09 22:37:19,395 - ERROR - connection could not be made due to the error: (in table 'discount', column 'discount_name'): VARCHAR requires a length on dialect mysql
2026-08-09 22:38:03,841 - ERROR - connection could not be made due to the error: (in table 'discount', column 'discount_name'): VARCHAR requires a length on dialect mysql
2026-08-09 22:39:45,786 - ERROR - connection could not be made due to the error: (in table 'discount', column 'discount_name'): VARCHAR requires a length on dialect mysql
2026-08-09 22:40:14,378 - ERROR - connection could not be made due to the error: (in table 'orders', column 'discount'): VARCHAR requires a length on dialect mysql
2026-08-09 22:40:46,409 - ERROR - connection could not be made due to the error: (in table 'orders', column 'discount'): VARCHAR requires a length on dialect mysql
2026-08-09 22:41:23,439 - ERROR - connection could not be made due to the error: (in table 'orders', column 'discount'): VARCHAR requires a length on dialect mysql
2026-08-09 22:45:24,990 - ERROR - connection could not be made due to the error: (in table 'discount', column 'discount_name'): VARCHAR requires a length on dialect mysql
2026-08-09 22:45:30,573 - ERROR - connection could not be made due to the error: (in table 'discount', column 'discount_name'): VARCHAR requires a length on dialect mysql
2026-08-09 22:46:34,669 - ERROR - connection could not be made due to the error: (in table 'discount', column 'discount_name'): VARCHAR requires a length on dialect mysql
2026-08-09 22:49:11,882 - ERROR - connection could not be made due to the error: (in table 'discount', column 'discount_name'): VARCHAR requires a length on dialect mysql
2026-08-09 22:49:25,130 - ERROR - connection could not be made due to the error: (in table 'discount', column 'discount_name'): VARCHAR requires a length on dialect mysql
2026-08-09 22:50:51,516 - ERROR - connection could not be made due to the error: (in table 'discount', column 'discount_name'): VARCHAR requires a length on dialect mysql
2026-08-09 22:52:37,391 - ERROR - connection could not be made due to the error: (in table 'orders', column 'discount'): VARCHAR requires a length on dialect mysql
2026-08-09 22:53:44,181 - INFO - connection done successfully.
2026-08-09 22:54:10,736 - INFO - connection done successfully.
2026-08-09 23:24:38,578 - INFO - connection done successfully.
2026-08-09 23:46:49,120 - INFO - connection done successfully.
2026-08-09 23:47:36,546 - INFO - connection done successfully.
2026-08-09 23:47:43,474 - INFO - connection done successfully.
2026-08-09 23:55:22,523 - INFO - connection done successfully.
2026-08-10 00:08:28,062 - INFO - connection done successfully.
2026-08-10 00:14:04,260 - INFO - connection done successfully.
2026-08-10 00:14:52,927 - INFO - connection done successfully.
2026-08-10 00:18:32,222 - INFO - connection done successfully.
2026-08-10 00:18:46,370 - INFO - connection done successfully.
2026-08-10 00:28:32,952 - INFO - connection done successfully.
2026-08-10 01:52:26,308 - INFO - connection done successfully.
2026-08-10 01:52:56,493 - INFO - connection done successfully.
2026-08-10 02:17:58,885 - INFO - connection done successfully.
2026-08-10 02:19:29,084 - INFO - connection done successfully.
2026-08-10 02:22:14,759 - ERROR - connection could not be made due to the error: Foreign key associated with column 'discount_people.order_id' could not find table 'Orders' with which to generate a foreign key to target column 'order_id'
2026-08-10 02:23:21,018 - ERROR - connection could not be made due to the error: Foreign key associated with column 'discount_people.order_id' could not find table 'Orders' with which to generate a foreign key to target column 'order_id'
2026-08-10 02:29:51,018 - INFO - connection done successfully.
2026-08-10 02:30:05,931 - INFO - connection done successfully.
2026-08-10 02:48:36,056 - INFO - connection done successfully.
2026-08-10 03:00:00,806 - INFO - connection done successfully.
2026-08-10 03:26:55,648 - INFO - connection done successfully.
2026-08-10 03:28:13,784 - INFO - connection done successfully.
2026-08-10 03:43:01,527 - INFO - connection done successfully.
2026-08-10 03:43:55,458 - INFO - connection done successfully.
2026-08-10 04:05:19,799 - INFO - connection done successfully.
2026-08-10 22:37:40,271 - INFO - connection done successfully.
2026-08-10 22:37:55,366 - INFO - connection done successfully.
2026-08-10 23:22:34,446 - INFO - connection done successfully.
2026-08-10 23:22:41,279 - INFO - connection done successfully.
2026-08-10 23:26:42,881 - INFO - connection done successfully.
2026-08-10 23:36:54,345 - INFO - connection done successfully.
2026-08-10 23:48:24,509 - INFO - connection done successfully.
2026-08-11 03:35:59,033 - INFO - connection done successfully.
2026-08-11 03:36:10,210 - INFO - connection done successfully.
2026-08-11 04:31:35,156 - INFO - connection done successfully.
2026-08-11 04:31:48,404 - INFO - connection done successfully.
2026-08-11 04:43:37,249 - INFO - connection done successfully.
2026-08-11 05:09:51,183 - INFO - connection done successfully.
2026-08-11 05:09:58,396 - INFO - connection done successfully.
2026-08-11 05:10:11,256 - INFO - connection done successfully.
2026-08-11 05:12:44,324 - INFO - connection done successfully.
2026-08-11 05:24:28,534 - INFO - connection done successfully.
2026-08-11 05:24:33,744 - INFO - connection done successfully.
2026-08-11 05:45:00,119 - INFO - connection done successfully.
2026-08-11 05:45:13,453 - INFO - connection done successfully.
2026-08-11 05:53:37,567 - INFO - connection done successfully.
2026-08-11 05:54:13,965 - INFO - connection done successfully.
2026-08-11 05:55:06,868 - INFO - connection done successfully.
2026-08-11 05:56:54,202 - INFO - connection done successfully.
2026-08-13 00:54:01,091 - ERROR - connection could not be made due to the error: 'AsyncEngine' object has no attribute '_run_ddl_visitor'
2026-08-13 00:55:39,686 - ERROR - connection could not be made due to the error: 'AsyncEngine' object has no attribute '_run_ddl_visitor'
2026-08-13 01:57:32,128 - ERROR - connection could not be made due to the error: 'cryptography' package is required for sha256_password or caching_sha2_password auth methods
2026-08-13 02:01:38,997 - ERROR - connection could not be made due to the error: 'ChunkedIteratorResult' object has no attribute 'scalers'
2026-08-13 02:01:39,022 - ERROR - Exception terminating connection <AdaptedConnection <aiomysql.connection.Connection object at 0x000001249AD054D0>>
Traceback (most recent call last):
  File "D:\projects\store_db_api\store_api\Lib\site-packages\sqlalchemy\pool\base.py", line 373, in _close_connection
    self._dialect.do_terminate(connection)
  File "D:\projects\store_db_api\store_api\Lib\site-packages\sqlalchemy\dialects\mysql\aiomysql.py", line 242, in do_terminate
    dbapi_connection.terminate()
  File "D:\projects\store_db_api\store_api\Lib\site-packages\sqlalchemy\connectors\asyncio.py", line 398, in terminate
    if in_greenlet():
       ^^^^^^^^^^^^^
  File "D:\projects\store_db_api\store_api\Lib\site-packages\sqlalchemy\util\_concurrency_py3k.py", line 105, in in_greenlet
    current = getcurrent()
              ^^^^^^^^^^^^
RuntimeError: greenlet is being finalized
2026-08-13 02:01:39,029 - ERROR - The garbage collector is trying to clean up non-checked-in connection <AdaptedConnection <aiomysql.connection.Connection object at 0x000001249AD054D0>>, which will be terminated.  Please ensure that SQLAlchemy pooled connections are returned to the pool explicitly, either by calling ``close()`` or by using appropriate context managers to manage their lifecycle.
2026-08-13 02:04:27,483 - ERROR - connection could not be made due to the error: cannot access local variable 'manager' where it is not associated with a value
2026-08-13 02:04:27,516 - ERROR - Exception terminating connection <AdaptedConnection <aiomysql.connection.Connection object at 0x00000143E89255D0>>
Traceback (most recent call last):
  File "D:\projects\store_db_api\store_api\Lib\site-packages\sqlalchemy\pool\base.py", line 373, in _close_connection
    self._dialect.do_terminate(connection)
  File "D:\projects\store_db_api\store_api\Lib\site-packages\sqlalchemy\dialects\mysql\aiomysql.py", line 242, in do_terminate
    dbapi_connection.terminate()
  File "D:\projects\store_db_api\store_api\Lib\site-packages\sqlalchemy\connectors\asyncio.py", line 398, in terminate
    if in_greenlet():
       ^^^^^^^^^^^^^
  File "D:\projects\store_db_api\store_api\Lib\site-packages\sqlalchemy\util\_concurrency_py3k.py", line 105, in in_greenlet
    current = getcurrent()
              ^^^^^^^^^^^^
RuntimeError: greenlet is being finalized
2026-08-13 02:04:27,520 - ERROR - The garbage collector is trying to clean up non-checked-in connection <AdaptedConnection <aiomysql.connection.Connection object at 0x00000143E89255D0>>, which will be terminated.  Please ensure that SQLAlchemy pooled connections are returned to the pool explicitly, either by calling ``close()`` or by using appropriate context managers to manage their lifecycle.
2026-08-13 02:06:56,892 - ERROR - connection could not be made due to the error: cannot access local variable 'manager' where it is not associated with a value
2026-08-13 02:06:56,920 - ERROR - Exception terminating connection <AdaptedConnection <aiomysql.connection.Connection object at 0x000001F649B733D0>>
Traceback (most recent call last):
  File "D:\projects\store_db_api\store_api\Lib\site-packages\sqlalchemy\pool\base.py", line 373, in _close_connection
    self._dialect.do_terminate(connection)
  File "D:\projects\store_db_api\store_api\Lib\site-packages\sqlalchemy\dialects\mysql\aiomysql.py", line 242, in do_terminate
    dbapi_connection.terminate()
  File "D:\projects\store_db_api\store_api\Lib\site-packages\sqlalchemy\connectors\asyncio.py", line 398, in terminate
    if in_greenlet():
       ^^^^^^^^^^^^^
  File "D:\projects\store_db_api\store_api\Lib\site-packages\sqlalchemy\util\_concurrency_py3k.py", line 105, in in_greenlet
    current = getcurrent()
              ^^^^^^^^^^^^
RuntimeError: greenlet is being finalized
2026-08-13 02:06:56,923 - ERROR - The garbage collector is trying to clean up non-checked-in connection <AdaptedConnection <aiomysql.connection.Connection object at 0x000001F649B733D0>>, which will be terminated.  Please ensure that SQLAlchemy pooled connections are returned to the pool explicitly, either by calling ``close()`` or by using appropriate context managers to manage their lifecycle.
2026-08-13 02:06:58,441 - ERROR - connection could not be made due to the error: cannot access local variable 'manager' where it is not associated with a value
2026-08-13 02:06:58,467 - ERROR - Exception terminating connection <AdaptedConnection <aiomysql.connection.Connection object at 0x0000022B3F7452D0>>
Traceback (most recent call last):
  File "D:\projects\store_db_api\store_api\Lib\site-packages\sqlalchemy\pool\base.py", line 373, in _close_connection
    self._dialect.do_terminate(connection)
  File "D:\projects\store_db_api\store_api\Lib\site-packages\sqlalchemy\dialects\mysql\aiomysql.py", line 242, in do_terminate
    dbapi_connection.terminate()
  File "D:\projects\store_db_api\store_api\Lib\site-packages\sqlalchemy\connectors\asyncio.py", line 398, in terminate
    if in_greenlet():
       ^^^^^^^^^^^^^
  File "D:\projects\store_db_api\store_api\Lib\site-packages\sqlalchemy\util\_concurrency_py3k.py", line 105, in in_greenlet
    current = getcurrent()
              ^^^^^^^^^^^^
RuntimeError: greenlet is being finalized
2026-08-13 02:06:58,470 - ERROR - The garbage collector is trying to clean up non-checked-in connection <AdaptedConnection <aiomysql.connection.Connection object at 0x0000022B3F7452D0>>, which will be terminated.  Please ensure that SQLAlchemy pooled connections are returned to the pool explicitly, either by calling ``close()`` or by using appropriate context managers to manage their lifecycle.
2026-08-13 02:07:17,945 - INFO - connection done successfully.
2026-08-13 02:08:15,278 - ERROR - Exception terminating connection <AdaptedConnection <aiomysql.connection.Connection object at 0x00000226D59C5A10>>
Traceback (most recent call last):
  File "D:\projects\store_db_api\store_api\Lib\site-packages\sqlalchemy\pool\base.py", line 373, in _close_connection
    self._dialect.do_terminate(connection)
  File "D:\projects\store_db_api\store_api\Lib\site-packages\sqlalchemy\dialects\mysql\aiomysql.py", line 242, in do_terminate
    dbapi_connection.terminate()
  File "D:\projects\store_db_api\store_api\Lib\site-packages\sqlalchemy\connectors\asyncio.py", line 398, in terminate
    if in_greenlet():
       ^^^^^^^^^^^^^
  File "D:\projects\store_db_api\store_api\Lib\site-packages\sqlalchemy\util\_concurrency_py3k.py", line 105, in in_greenlet
    current = getcurrent()
              ^^^^^^^^^^^^
RuntimeError: greenlet is being finalized
2026-08-13 02:08:15,281 - ERROR - The garbage collector is trying to clean up non-checked-in connection <AdaptedConnection <aiomysql.connection.Connection object at 0x00000226D59C5A10>>, which will be terminated.  Please ensure that SQLAlchemy pooled connections are returned to the pool explicitly, either by calling ``close()`` or by using appropriate context managers to manage their lifecycle.
2026-08-13 02:08:32,887 - INFO - connection done successfully.
2026-08-13 02:09:48,163 - ERROR - Exception terminating connection <AdaptedConnection <aiomysql.connection.Connection object at 0x00000277F8AFF590>>
Traceback (most recent call last):
  File "D:\projects\store_db_api\store_api\Lib\site-packages\sqlalchemy\pool\base.py", line 373, in _close_connection
    self._dialect.do_terminate(connection)
  File "D:\projects\store_db_api\store_api\Lib\site-packages\sqlalchemy\dialects\mysql\aiomysql.py", line 242, in do_terminate
    dbapi_connection.terminate()
  File "D:\projects\store_db_api\store_api\Lib\site-packages\sqlalchemy\connectors\asyncio.py", line 398, in terminate
    if in_greenlet():
       ^^^^^^^^^^^^^
  File "D:\projects\store_db_api\store_api\Lib\site-packages\sqlalchemy\util\_concurrency_py3k.py", line 105, in in_greenlet
    current = getcurrent()
              ^^^^^^^^^^^^
RuntimeError: greenlet is being finalized
2026-08-13 02:09:48,166 - ERROR - The garbage collector is trying to clean up non-checked-in connection <AdaptedConnection <aiomysql.connection.Connection object at 0x00000277F8AFF590>>, which will be terminated.  Please ensure that SQLAlchemy pooled connections are returned to the pool explicitly, either by calling ``close()`` or by using appropriate context managers to manage their lifecycle.
2026-08-13 08:12:32,284 - INFO - connection done successfully.
2026-08-13 08:12:38,563 - ERROR - The garbage collector is trying to clean up non-checked-in connection <AdaptedConnection <aiomysql.connection.Connection object at 0x000001CAFE301E50>>, which will be terminated.  Please ensure that SQLAlchemy pooled connections are returned to the pool explicitly, either by calling ``close()`` or by using appropriate context managers to manage their lifecycle.
2026-08-13 08:17:29,860 - INFO - connection done successfully.
2026-08-13 08:17:38,397 - ERROR - Exception terminating connection <AdaptedConnection <aiomysql.connection.Connection object at 0x000001770407BE10>>
Traceback (most recent call last):
  File "D:\projects\store_db_api\store_api\Lib\site-packages\sqlalchemy\pool\base.py", line 373, in _close_connection
    self._dialect.do_terminate(connection)
  File "D:\projects\store_db_api\store_api\Lib\site-packages\sqlalchemy\dialects\mysql\aiomysql.py", line 242, in do_terminate
    dbapi_connection.terminate()
  File "D:\projects\store_db_api\store_api\Lib\site-packages\sqlalchemy\connectors\asyncio.py", line 398, in terminate
    if in_greenlet():
       ^^^^^^^^^^^^^
  File "D:\projects\store_db_api\store_api\Lib\site-packages\sqlalchemy\util\_concurrency_py3k.py", line 105, in in_greenlet
    current = getcurrent()
              ^^^^^^^^^^^^
RuntimeError: greenlet is being finalized
2026-08-13 08:17:38,405 - ERROR - The garbage collector is trying to clean up non-checked-in connection <AdaptedConnection <aiomysql.connection.Connection object at 0x000001770407BE10>>, which will be terminated.  Please ensure that SQLAlchemy pooled connections are returned to the pool explicitly, either by calling ``close()`` or by using appropriate context managers to manage their lifecycle.
2026-08-13 08:18:34,054 - INFO - connection done successfully.
2026-08-13 08:18:50,009 - ERROR - The garbage collector is trying to clean up non-checked-in connection <AdaptedConnection <aiomysql.connection.Connection object at 0x000001ADE78B7190>>, which will be terminated.  Please ensure that SQLAlchemy pooled connections are returned to the pool explicitly, either by calling ``close()`` or by using appropriate context managers to manage their lifecycle.
2026-08-13 08:27:36,356 - INFO - connection done successfully.
2026-08-13 08:30:33,999 - INFO - connection done successfully.
2026-08-14 13:26:01,511 - INFO - connection done successfully.
2026-08-14 14:08:49,807 - INFO - connection done successfully.
2026-08-14 14:10:33,002 - INFO - connection done successfully.
2026-08-14 14:11:52,024 - INFO - connection done successfully.
2026-08-14 14:13:17,140 - INFO - connection done successfully.
2026-08-14 14:15:10,319 - INFO - connection done successfully.
2026-08-14 14:19:19,759 - INFO - connection done successfully.
2026-08-14 14:22:55,258 - INFO - connection done successfully.
2026-08-14 14:49:11,848 - INFO - connection done successfully.
2026-08-14 14:49:41,576 - INFO - connection done successfully.
2026-08-14 14:50:20,685 - INFO - connection done successfully.
2026-08-14 14:55:00,397 - INFO - connection done successfully.
2026-08-14 14:55:24,305 - INFO - connection done successfully.
2026-08-14 14:56:09,548 - INFO - connection done successfully.
2026-08-14 22:36:46,535 - INFO - connection done successfully.
2026-08-14 23:07:13,127 - INFO - connection done successfully.
2026-08-14 23:10:07,181 - INFO - connection done successfully.
2026-08-14 23:43:40,730 - INFO - connection done successfully.
2026-08-14 23:54:23,577 - INFO - connection done successfully.
2026-08-15 00:06:04,903 - INFO - connection done successfully.
2026-08-15 00:11:38,070 - INFO - connection done successfully.
2026-08-15 01:44:05,621 - INFO - connection done successfully.
2026-08-15 01:47:50,006 - INFO - connection done successfully.
2026-08-15 01:48:16,262 - INFO - connection done successfully.
2026-08-15 01:57:25,006 - INFO - connection done successfully.
2026-08-15 01:57:54,374 - INFO - connection done successfully.
2026-08-15 02:03:11,815 - INFO - connection done successfully.
2026-08-15 02:06:24,293 - INFO - connection done successfully.
2026-08-15 02:29:06,901 - INFO - connection done successfully.
2026-08-15 02:48:54,918 - INFO - connection done successfully.
2026-08-15 02:50:35,452 - INFO - connection done successfully.
2026-08-15 02:53:14,729 - INFO - connection done successfully.
2026-08-15 02:53:36,015 - INFO - connection done successfully.
2026-08-15 02:56:14,400 - INFO - connection done successfully.
2026-08-15 02:56:52,493 - INFO - connection done successfully.
2026-08-15 03:00:33,075 - INFO - connection done successfully.
2026-08-15 03:01:10,575 - INFO - connection done successfully.
2026-08-15 03:03:13,231 - INFO - connection done successfully.
2026-08-15 03:05:17,538 - INFO - connection done successfully.
2026-08-15 03:06:01,865 - INFO - connection done successfully.
2026-08-15 03:11:19,052 - INFO - connection done successfully.
2026-08-15 03:18:26,766 - INFO - connection done successfully.
2026-08-15 03:34:07,674 - INFO - connection done successfully.
2026-08-15 03:41:07,340 - INFO - connection done successfully.
2026-08-15 04:53:01,431 - INFO - connection done successfully.
2026-08-15 04:56:27,956 - INFO - connection done successfully.
2026-08-15 05:01:32,001 - INFO - connection done successfully.
2026-08-15 05:13:08,199 - INFO - connection done successfully.
2026-08-15 05:29:30,186 - INFO - connection done successfully.
2026-08-15 05:33:59,525 - INFO - connection done successfully.
2026-08-15 05:52:45,964 - INFO - connection done successfully.
2026-08-15 06:02:39,530 - INFO - connection done successfully.
2026-08-15 06:09:26,936 - INFO - connection done successfully.
2026-08-15 06:15:38,732 - INFO - connection done successfully.
2026-08-15 06:16:51,603 - INFO - connection done successfully.
2026-08-15 06:19:38,578 - INFO - connection done successfully.
2026-08-15 06:22:35,273 - INFO - connection done successfully.
2026-08-15 06:24:04,910 - INFO - connection done successfully.
2026-08-15 06:27:56,492 - INFO - connection done successfully.
2026-08-15 06:41:52,345 - INFO - connection done successfully.
2026-08-16 00:02:34,768 - INFO - connection done successfully.
2026-08-16 00:07:30,931 - INFO - connection done successfully.
2026-08-16 00:23:18,268 - INFO - connection done successfully.
2026-08-16 00:26:32,102 - INFO - connection done successfully.
2026-08-16 00:29:06,729 - INFO - connection done successfully.
2026-08-16 00:30:46,516 - INFO - connection done successfully.
2026-08-16 00:39:44,192 - INFO - connection done successfully.
2026-08-16 00:40:05,042 - INFO - connection done successfully.
2026-08-16 00:49:21,482 - INFO - connection done successfully.
2026-08-16 00:49:36,591 - INFO - connection done successfully.
2026-08-16 00:51:46,921 - INFO - connection done successfully.
2026-08-16 00:52:27,614 - INFO - connection done successfully.
2026-08-16 01:06:45,335 - INFO - connection done successfully.
2026-08-16 01:12:19,534 - INFO - connection done successfully.
2026-08-16 01:13:53,884 - INFO - connection done successfully.
2026-08-16 01:21:59,583 - INFO - connection done successfully.
2026-08-16 01:23:26,403 - INFO - connection done successfully.
2026-08-16 01:42:26,215 - INFO - connection done successfully.
2026-08-16 01:46:03,455 - INFO - connection done successfully.
2026-08-16 05:13:36,326 - INFO - connection done successfully.
2026-08-16 12:35:15,310 - INFO - connection done successfully.
2026-08-22 02:10:23,780 - ERROR - {'event': 'Connection could not be made', 'error': "Foreign key associated with column 'discount_granted.discount_id' could not find table 'discount' with which to generate a foreign key to target column 'discount_id'"}
2026-08-22 02:12:31,012 - ERROR - {'event': 'Connection could not be made', 'error': "Could not initialize target column for ForeignKey 'people.people_id' on table 'discount_granted': table 'people' has no column named 'people_id'"}
2026-08-22 02:13:03,398 - ERROR - {'event': 'Connection could not be made', 'error': "Could not initialize target column for ForeignKey 'people.people_id' on table 'employees_info': table 'people' has no column named 'people_id'"}
2026-08-22 02:13:14,141 - ERROR - {'event': 'Connection could not be made', 'error': "Could not initialize target column for ForeignKey 'people.people_id' on table 'wallets': table 'people' has no column named 'people_id'"}
2026-08-22 02:13:25,728 - ERROR - {'event': 'Connection could not be made', 'error': '(pymysql.err.OperationalError) (3734, "Failed to add the foreign key constraint. Missing column \'user_id\' for constraint \'employees_info_ibfk_1\' in the referenced table \'people\'")\n[SQL: \nCREATE TABLE employees_info (\n\temployee_id INTEGER NOT NULL, \n\tjob_title VARCHAR(50) NOT NULL, \n\tsalary DECIMAL(10, 2) NOT NULL, \n\temployee_status ENUM(\'ACTIVE\',\'UNACTIVE\') NOT NULL, \n\tPRIMARY KEY (employee_id), \n\tFOREIGN KEY(employee_id) REFERENCES people (user_id) ON DELETE cascade\n)\n\n]\n(Background on this error at: https://sqlalche.me/e/20/e3q8)'}
2026-08-22 02:14:26,033 - ERROR - {'event': 'Connection could not be made', 'error': "Could not initialize target column for ForeignKey 'people.people_id' on table 'orders': table 'people' has no column named 'people_id'"}
2026-08-22 02:14:38,580 - ERROR - {'event': 'Connection could not be made', 'error': '(pymysql.err.OperationalError) (1830, "Column \'category_id\' cannot be NOT NULL: needed in a foreign key constraint \'products_ibfk_1\' SET NULL")\n[SQL: \nCREATE TABLE products (\n\tproduct_id INTEGER NOT NULL AUTO_INCREMENT, \n\tproduct_name VARCHAR(50) NOT NULL, \n\tunit_price DECIMAL(10, 2) NOT NULL, \n\tremain_in_stock INTEGER NOT NULL, \n\tcategory_id INTEGER NOT NULL, \n\tPRIMARY KEY (product_id), \n\tUNIQUE (product_name), \n\tFOREIGN KEY(category_id) REFERENCES categories (category_id) ON DELETE SET NULL\n)\n\n]\n(Background on this error at: https://sqlalche.me/e/20/e3q8)'}
2026-08-22 02:15:07,108 - ERROR - {'event': 'Connection could not be made', 'error': '(pymysql.err.OperationalError) (1830, "Column \'category_id\' cannot be NOT NULL: needed in a foreign key constraint \'products_ibfk_1\' SET NULL")\n[SQL: \nCREATE TABLE products (\n\tproduct_id INTEGER NOT NULL AUTO_INCREMENT, \n\tproduct_name VARCHAR(50) NOT NULL, \n\tunit_price DECIMAL(10, 2) NOT NULL, \n\tremain_in_stock INTEGER NOT NULL, \n\tcategory_id INTEGER NOT NULL, \n\tPRIMARY KEY (product_id), \n\tUNIQUE (product_name), \n\tFOREIGN KEY(category_id) REFERENCES categories (category_id) ON DELETE SET NULL\n)\n\n]\n(Background on this error at: https://sqlalche.me/e/20/e3q8)'}
2026-08-22 02:16:29,420 - ERROR - {'event': 'Connection could not be made', 'error': "Mapper 'Mapper[Wallet(wallets)]' has no property 'person'.  If this property was indicated from other mappers or configure events, ensure registry.configure() has been called."}
2026-08-22 02:17:34,005 - ERROR - {'event': 'Connection could not be made', 'error': "Mapper 'Mapper[Wallet(wallets)]' has no property 'person'.  If this property was indicated from other mappers or configure events, ensure registry.configure() has been called."}
2026-08-22 02:18:12,885 - ERROR - {'event': 'Connection could not be made', 'error': "Mapper 'Mapper[Wallet(wallets)]' has no property 'person'.  If this property was indicated from other mappers or configure events, ensure registry.configure() has been called."}
2026-08-22 02:19:05,762 - ERROR - {'event': 'Connection could not be made', 'error': "Mapper 'Mapper[Discount(discounts)]' has no property 'discounts'.  If this property was indicated from other mappers or configure events, ensure registry.configure() has been called."}
2026-08-22 02:20:01,984 - ERROR - {'event': 'Connection could not be made', 'error': "Mapper 'Mapper[Discount(discounts)]' has no property 'discount'.  If this property was indicated from other mappers or configure events, ensure registry.configure() has been called."}
2026-08-22 02:20:15,475 - ERROR - {'event': 'Connection could not be made', 'error': "Mapper 'Mapper[Discount(discounts)]' has no property 'discount'.  If this property was indicated from other mappers or configure events, ensure registry.configure() has been called."}
2026-08-22 02:21:33,800 - ERROR - {'event': 'Connection could not be made', 'error': "Mapper 'Mapper[Person(people)]' has no property 'discount_people'.  If this property was indicated from other mappers or configure events, ensure registry.configure() has been called."}
2026-08-22 02:22:18,567 - ERROR - {'event': 'Connection could not be made', 'error': "When initializing mapper Mapper[OrderItems(order_items)], expression 'Orders' failed to locate a name ('Orders'). If this is a class name, consider adding this relationship() to the <class 'models.order_items.OrderItems'> class after both dependent classes have been defined."}
2026-08-22 02:23:39,595 - INFO - {'event': 'Connection done successfully'}
2026-08-22 02:23:42,594 - INFO - {'event': 'The database shutdown successfully'}
2026-08-22 02:24:14,597 - INFO - {'event': 'Connection done successfully'}
2026-08-22 02:26:07,040 - INFO - {'event': 'The database shutdown successfully'}
2026-08-22 02:26:08,721 - INFO - {'event': 'Connection done successfully'}
2026-08-22 02:26:23,403 - INFO - {'event': 'The database shutdown successfully'}
2026-08-22 02:26:25,031 - INFO - {'event': 'Connection done successfully'}
2026-08-22 02:26:46,035 - INFO - {'event': 'The database shutdown successfully'}
2026-08-22 02:26:48,173 - INFO - {'event': 'Connection done successfully'}
2026-08-22 02:26:52,955 - ERROR - {'event': 'Login succeeded', 'method': 'POST', 'path': '/people/login', 'user_phone': '09000000000', 'status_code': 200, 'duration_s': 0.10542}
2026-08-22 02:27:17,384 - INFO - {'event': 'The database shutdown successfully'}
2026-08-22 02:27:42,658 - INFO - {'event': 'Connection done successfully'}
2026-08-22 02:28:11,187 - ERROR - {'event': 'Login succeeded', 'method': 'POST', 'path': '/people/login', 'user_phone': '09000000000', 'status_code': 200, 'duration_s': 0.112178}
2026-08-22 02:29:26,293 - INFO - {'event': 'The database shutdown successfully'}
2026-08-22 02:29:28,124 - INFO - {'event': 'Connection done successfully'}
2026-08-22 02:29:30,885 - ERROR - {'event': 'Login succeeded', 'method': 'POST', 'path': '/people/login', 'user_phone': '09000000000', 'status_code': 200, 'duration_s': 0.097396}
2026-08-22 02:31:02,811 - INFO - {'event': 'The database shutdown successfully'}
2026-08-22 02:31:04,603 - INFO - {'event': 'Connection done successfully'}
2026-08-22 02:31:04,707 - INFO - {'event': 'The database shutdown successfully'}
2026-08-22 02:31:06,490 - INFO - {'event': 'Connection done successfully'}
2026-08-22 02:31:06,605 - INFO - {'event': 'The database shutdown successfully'}
2026-08-22 02:31:08,351 - INFO - {'event': 'Connection done successfully'}
2026-08-22 02:31:21,985 - INFO - {'event': 'The database shutdown successfully'}
2026-08-22 02:32:48,763 - INFO - {'event': 'Connection done successfully'}
2026-08-22 02:47:35,653 - ERROR - {'event': 'Login succeeded', 'method': 'POST', 'path': '/people/login', 'user_phone': '09000000000', 'status_code': 200, 'duration_s': 0.105525}
2026-08-22 02:48:10,793 - ERROR - {'event': 'Current user info sendt successfully', 'method': 'POST', 'path': '/people/me', 'user_id': 1, 'status_code': 200, 'duration_s': 0.0}
2026-08-22 02:48:18,705 - INFO - {'event': 'All people info sent successfully', 'method': 'POST', 'psth': '/people/get_all_people_info', 'user_id': 1, 'status_code': 200, 'duration_s': 0.001506}
2026-08-22 02:48:19,652 - INFO - {'event': 'All people info sent successfully', 'method': 'POST', 'psth': '/people/get_all_people_info', 'user_id': 1, 'status_code': 200, 'duration_s': 0.0}
2026-08-22 02:48:41,665 - INFO - {'event': 'Person info sent successfully', 'method': 'POST', 'psth': '/people/get_person_info_by_id', 'user_id': 1, 'status_code': 200, 'duration_s': 0.001}
2026-08-22 02:50:06,037 - ERROR - {'event': 'Update person info failed', 'method': 'POST', 'error': '403: Report To is not an info for all users except employees', 'path': '/people/edit_info', 'user_id': 1, 'duration': 0.001}
2026-08-22 02:50:17,183 - INFO - {'event': 'Update person info succeeded', 'method': 'POST', 'path': '/people/edit_info', 'updater_user_id': 1, 'updated_user_id': 1, 'status_code': 200, 'duration': 0.128416}
2026-08-22 02:50:36,320 - INFO - {'event': 'Update person info succeeded', 'method': 'POST', 'path': '/people/edit_info', 'updater_user_id': 1, 'updated_user_id': 1, 'status_code': 200, 'duration': 0.110456}
2026-08-22 02:51:35,542 - INFO - {'event': "New user didn't add successfully", 'error': HTTPException(status_code=403, detail='Not authorized to add employee'), 'methood': 'POST', 'path': '/people/sign_up', 'duration_s': 0.0}
2026-08-22 02:51:43,715 - INFO - {'event': 'New customer added successfully', 'methood': 'POST', 'path': '/people/sign_up', 'added_user_id': 2, 'added_wallet_id': 1, 'status_code': 200, 'duration_s': 0.112084}
2026-08-22 02:52:37,441 - INFO - {'event': 'All people info sent successfully', 'method': 'POST', 'psth': '/people/get_all_people_info', 'user_id': 1, 'status_code': 200, 'duration_s': 0.003484}
2026-08-22 02:52:55,169 - INFO - {'event': 'New employee added successfully', 'methood': 'POST', 'path': '/people/sign_up', 'manager_id': 1, 'added_user_id': 3, 'status_code': 200, 'duration_s': 0.103312}
2026-08-22 02:53:02,051 - INFO - {'event': 'All people info sent successfully', 'method': 'POST', 'psth': '/people/get_all_people_info', 'user_id': 1, 'status_code': 200, 'duration_s': 0.001579}
2026-08-22 02:57:42,624 - INFO - {'event': 'The database shutdown successfully'}
2026-08-22 02:57:44,981 - INFO - {'event': 'Connection done successfully'}
2026-08-22 02:58:47,895 - INFO - {'event': 'The database shutdown successfully'}
2026-08-22 02:58:49,631 - INFO - {'event': 'Connection done successfully'}
2026-08-22 03:03:36,435 - INFO - {'event': 'The database shutdown successfully'}
2026-08-22 03:03:38,169 - INFO - {'event': 'Connection done successfully'}
2026-08-22 03:03:49,433 - INFO - {'event': 'Delete person info succeeded', 'method': 'POST', 'path': '/people/delete_person_info', 'deleter_user_id': 1, 'deleted_user_id': 3, 'status_code': 200, 'duration': 0.038666}
2026-08-22 03:05:05,774 - INFO - {'event': 'New employee added successfully', 'methood': 'POST', 'path': '/people/sign_up', 'manager_id': 1, 'added_user_id': 4, 'status_code': 200, 'duration_s': 0.1134}
2026-08-22 03:06:03,664 - INFO - {'event': 'New employee added successfully', 'methood': 'POST', 'path': '/people/sign_up', 'manager_id': 1, 'added_user_id': 5, 'status_code': 200, 'duration_s': 0.105913}
2026-08-22 03:06:35,436 - INFO - {'event': "New user didn't add successfully", 'error': HTTPException(status_code=403, detail='Not authorized to add employee'), 'methood': 'POST', 'path': '/people/sign_up', 'duration_s': 0.0}
2026-08-22 03:06:46,475 - INFO - {'event': 'New customer added successfully', 'methood': 'POST', 'path': '/people/sign_up', 'added_user_id': 6, 'added_wallet_id': 2, 'status_code': 200, 'duration_s': 0.140561}
2026-08-22 03:07:04,181 - INFO - {'event': "New user didn't add successfully", 'error': IntegrityError('(pymysql.err.IntegrityError) (1062, "Duplicate entry \'09382584362\' for key \'people.phone\'")'), 'methood': 'POST', 'path': '/people/sign_up', 'duration_s': 0.113021}
2026-08-22 03:07:42,316 - INFO - {'event': "New user didn't add successfully", 'error': IntegrityError('(pymysql.err.IntegrityError) (1062, "Duplicate entry \'09382584362\' for key \'people.phone\'")'), 'methood': 'POST', 'path': '/people/sign_up', 'duration_s': 0.116694}
2026-08-22 03:07:48,645 - INFO - {'event': 'New customer added successfully', 'methood': 'POST', 'path': '/people/sign_up', 'added_user_id': 9, 'added_wallet_id': 3, 'status_code': 200, 'duration_s': 0.100299}
2026-08-22 03:09:10,219 - INFO - {'event': "Get all employess' info succeeded", 'method': 'POST', 'path': '/employees_info/get_employees', 'user_id': 1, 'status_code': 200, 'duration': 0.0}
2026-08-22 03:09:24,644 - INFO - {'event': 'Get employee info by id succeeded', 'method': 'POST', 'path': '/employees_info/get_employee_by_id', 'employee_id': 4, 'user_id': 1, 'status_code': 200, 'duration': 0.001518}
2026-08-22 03:10:09,365 - INFO - {'event': 'Update employee info by id succeeded', 'method': 'POST', 'path': '/employees_info/update_employee_info', 'employee_id': 5, 'user_id': 1, 'status_code': 200, 'duration': 0.028304}
2026-08-22 03:10:48,461 - INFO - {'event': 'Create category succeeded', 'method': 'POST', 'path': '/categories/add_category', 'user_id': 1, 'added_category': 1, 'status_code': 200, 'duration': 0.007482}
2026-08-22 03:11:01,787 - INFO - {'event': 'Create category succeeded', 'method': 'POST', 'path': '/categories/add_category', 'user_id': 1, 'added_category': 2, 'status_code': 200, 'duration': 0.011034}
2026-08-22 03:11:07,820 - INFO - {'event': 'Create category succeeded', 'method': 'POST', 'path': '/categories/add_category', 'user_id': 1, 'added_category': 3, 'status_code': 200, 'duration': 0.023232}
2026-08-22 03:11:14,674 - INFO - {'event': 'Get all categories succeeded', 'method': 'POST', 'path': '/categories/get_categories', 'user_id': 1, 'status_code': 200, 'duration': 0.0}
2026-08-22 03:11:25,458 - INFO - {'event': 'Get category by id succeeded', 'method': 'POST', 'path': '/categories/get_category', 'user_id': 1, 'category_id': 2, 'status_code': 200, 'duration': 0.001516}
2026-08-22 03:14:41,784 - INFO - {'event': 'The database shutdown successfully'}
2026-08-22 03:14:44,040 - INFO - {'event': 'Connection done successfully'}
2026-08-22 03:14:47,273 - ERROR - {'event': 'Update category by id failed', 'method': 'POST', 'error': '404: Category 2 not found.', 'path': '/categories/update_category', 'user_id': 1, 'category_id': 2, 'duration': 0.00398}
2026-08-22 03:15:12,299 - INFO - {'event': 'The database shutdown successfully'}
2026-08-22 03:15:14,530 - INFO - {'event': 'Connection done successfully'}
2026-08-22 03:15:26,966 - INFO - {'event': 'Update category by id succeeded', 'method': 'POST', 'path': '/categories/update_category', 'user_id': 1, 'category_id': 2, 'status_code': 200, 'duration': 0.038858}
2026-08-22 03:15:32,080 - INFO - {'event': 'Get all categories succeeded', 'method': 'POST', 'path': '/categories/get_categories', 'user_id': 1, 'status_code': 200, 'duration': 0.004061}
2026-08-22 03:15:43,098 - INFO - {'event': 'Create category succeeded', 'method': 'POST', 'path': '/categories/add_category', 'user_id': 1, 'added_category': 4, 'status_code': 200, 'duration': 0.027204}
2026-08-22 03:15:57,872 - ERROR - {'event': 'Delete category by id failed', 'method': 'POST', 'error': '404: Category 4 not found.', 'path': '/categories/delete_category', 'user_id': 1, 'category_id': 4, 'duration': 0.001996}
2026-08-22 03:16:10,391 - INFO - {'event': 'The database shutdown successfully'}
2026-08-22 03:16:12,206 - INFO - {'event': 'Connection done successfully'}
2026-08-22 03:22:20,817 - ERROR - {'event': 'There are something wrong on the token {token}', 'error': ExpiredSignatureError('Signature has expired')}
2026-08-22 03:22:51,644 - INFO - {'event': 'The database shutdown successfully'}
2026-08-22 03:22:53,872 - INFO - {'event': 'Connection done successfully'}
2026-08-22 03:23:11,222 - INFO - {'event': 'The database shutdown successfully'}
2026-08-22 03:23:12,927 - INFO - {'event': 'Connection done successfully'}
2026-08-22 03:23:37,146 - ERROR - {'event': 'There are something wrong on the token {token}', 'error': ExpiredSignatureError('Signature has expired')}
2026-08-22 03:26:04,835 - ERROR - {'event': 'Login failed', 'method': 'POST', 'error': 'User not found or verification failed', 'path': '/people/login', 'user_phone': '09000000000', 'status_code': 404, 'duration_s': 0.004009}
2026-08-22 03:26:21,092 - ERROR - {'event': 'Login failed', 'method': 'POST', 'error': 'User not found or verification failed', 'path': '/people/login', 'user_phone': '09000000000', 'status_code': 404, 'duration_s': 0.002}
2026-08-22 03:26:45,659 - ERROR - {'event': 'Login failed', 'method': 'POST', 'error': 'User not found or verification failed', 'path': '/people/login', 'user_phone': '09000000000', 'status_code': 404, 'duration_s': 0.0}
2026-08-22 03:27:03,452 - ERROR - {'event': 'Login succeeded', 'method': 'POST', 'path': '/people/login', 'user_phone': '09131234567', 'status_code': 200, 'duration_s': 0.109519}
2026-08-22 03:27:29,973 - INFO - {'event': 'Get all categories succeeded', 'method': 'POST', 'path': '/categories/get_categories', 'user_id': 1, 'status_code': 200, 'duration': 0.0}
2026-08-22 03:27:38,711 - INFO - {'event': 'Delete category by id succeeded', 'method': 'POST', 'path': '/categories/delete_category', 'user_id': 1, 'deleted_category': 4, 'status_code': 200, 'duration': 0.040121}
2026-08-22 03:28:16,622 - INFO - {'event': 'Create discount succeeded', 'method': 'POST', 'path': '/discount/create_discount', 'user_id': 1, 'discount_id': 1, 'status_code': 200, 'duration': 0.019177}
2026-08-22 03:30:54,268 - INFO - {'event': 'Create discount succeeded', 'method': 'POST', 'path': '/discount/create_discount', 'user_id': 1, 'discount_id': 3, 'status_code': 200, 'duration': 0.02339}
2026-08-22 03:31:03,385 - INFO - {'event': 'Get discounts succeeded', 'method': 'POST', 'path': '/discount/read_discounts', 'user_id': 1, 'status_code': 200, 'duration': 0.0}
2026-08-22 03:32:37,545 - INFO - {'event': 'The database shutdown successfully'}
2026-08-22 03:32:39,906 - INFO - {'event': 'Connection done successfully'}
2026-08-22 03:32:47,093 - INFO - {'event': 'Get discount by name succeeded', 'method': 'POST', 'path': '/discount/read_discount_by_name', 'user_id': 1, 'status_code': 200, 'duration': 0.0}
2026-08-22 03:34:38,065 - INFO - {'event': 'Get discounts succeeded', 'method': 'POST', 'path': '/discount/read_discounts', 'user_id': 1, 'status_code': 200, 'duration': 0.0}
2026-08-22 03:35:08,355 - INFO - {'event': 'The database shutdown successfully'}
2026-08-22 03:35:10,380 - INFO - {'event': 'Connection done successfully'}
2026-08-22 03:35:16,658 - INFO - {'event': 'Get discount by id succeeded', 'method': 'POST', 'path': '/discount/read_discount_by_id', 'user_id': 1, 'status_code': 200, 'duration': 0.000998}
2026-08-22 03:36:38,163 - INFO - {'event': 'Update discount succeeded', 'method': 'POST', 'path': '/discount/update_discount', 'user_id': 1, 'discount_id': 1, 'status_code': 200, 'duration': 0.001995}
2026-08-22 03:36:55,428 - INFO - {'event': 'Create discount succeeded', 'method': 'POST', 'path': '/discount/create_discount', 'user_id': 1, 'discount_id': 4, 'status_code': 200, 'duration': 0.029127}
2026-08-22 03:39:48,741 - INFO - {'event': 'The database shutdown successfully'}
2026-08-22 03:39:50,425 - ERROR - {'event': 'Connection could not be made', 'error': 'For many-to-one relationship DiscountGranted.discount, delete-orphan cascade is normally configured only on the "one" side of a one-to-many relationship, and not on the "many" side of a many-to-one or many-to-many relationship.  To force this relationship to allow a particular "Discount" object to be referenced by only a single "DiscountGranted" object at a time via the DiscountGranted.discount relationship, which would allow delete-orphan cascade to take place in this direction, set the single_parent=True flag. (Background on this error at: https://sqlalche.me/e/20/bbf0)'}
2026-08-22 03:40:01,635 - INFO - {'event': 'Connection done successfully'}
2026-08-22 03:40:40,735 - INFO - {'event': 'The database shutdown successfully'}
2026-08-22 03:40:42,279 - INFO - {'event': 'Connection done successfully'}
2026-08-22 03:41:57,278 - INFO - {'event': 'The database shutdown successfully'}
2026-08-22 03:41:59,019 - INFO - {'event': 'Connection done successfully'}
2026-08-22 03:42:03,414 - INFO - {'event': 'Delete discount succeeded', 'method': 'POST', 'path': '/discount/delete_discount', 'user_id': 1, 'discount_name': 'string', 'status_code': 200, 'duration': 0.033423}
2026-08-22 03:42:36,507 - INFO - {'event': 'Get granted discounts by discount name succeeded', 'method': 'POST', 'path': '/discount_granted/get_people_by_discount_name', 'user_id': 1, 'discount_name': 'Freedom', 'status_code': 200, 'duration': 0.004001}
2026-08-22 03:42:45,562 - INFO - {'event': 'Get granted discounts by discount name succeeded', 'method': 'POST', 'path': '/discount_granted/get_people_by_discount_name', 'user_id': 1, 'discount_name': 'Special', 'status_code': 200, 'duration': 0.002009}
2026-08-22 03:43:04,822 - INFO - {'event': 'Get granted discounts by discount id succeeded', 'method': 'POST', 'path': '/discount_granted/get_people_by_discount_id', 'user_id': 1, 'discount_id': 1, 'status_code': 200, 'duration': 0.0}
2026-08-22 03:43:10,387 - INFO - {'event': 'Get granted discounts by discount id succeeded', 'method': 'POST', 'path': '/discount_granted/get_people_by_discount_id', 'user_id': 1, 'discount_id': 3, 'status_code': 200, 'duration': 0.0}
2026-08-22 03:46:16,554 - ERROR - {'event': 'Login succeeded', 'method': 'POST', 'path': '/people/login', 'user_phone': '09650557395', 'status_code': 200, 'duration_s': 0.111924}
2026-08-22 03:46:45,119 - INFO - {'event': 'Remain wallet amount sent successfully', 'method': 'POST', 'path': '/Wallet/get_remain_wallet_amount', 'user_id': 2, 'status_code': 200, 'duration_s': 0.011914}
2026-08-22 03:47:15,035 - INFO - {'event': 'Amount added successfully', 'path': '/Wallet/update_wallet_amount', 'user_id': 2, 'status_code': 200, 'duration_s': 0.034751}
2026-08-22 03:47:22,088 - INFO - {'event': 'Amount added successfully', 'path': '/Wallet/update_wallet_amount', 'user_id': 2, 'status_code': 200, 'duration_s': 0.016392}
2026-08-22 03:47:28,325 - INFO - {'event': 'Remain wallet amount sent successfully', 'method': 'POST', 'path': '/Wallet/get_remain_wallet_amount', 'user_id': 2, 'status_code': 200, 'duration_s': 0.001028}
2026-08-22 03:48:02,481 - ERROR - {'event': 'Login succeeded', 'method': 'POST', 'path': '/people/login', 'user_phone': '09131234567', 'status_code': 200, 'duration_s': 0.100821}
2026-08-22 03:49:00,573 - INFO - {'event': 'Create poduct succeeded', 'method': 'POST', 'path': '/products/add_product', 'user_id': 1, 'added_category': 1, 'status_code': 200, 'duration': 0.1081}
2026-08-22 03:49:30,283 - INFO - {'event': 'Update product succeeded', 'method': 'POST', 'path': '/products/update_product', 'user_id': 1, 'product_id': 1, 'status_code': 200, 'duration': 0.008038}
2026-08-22 03:50:29,462 - INFO - {'event': 'Create poduct succeeded', 'method': 'POST', 'path': '/products/add_product', 'user_id': 1, 'added_category': 2, 'status_code': 200, 'duration': 0.02463}
2026-08-22 03:51:02,539 - INFO - {'event': 'Create poduct succeeded', 'method': 'POST', 'path': '/products/add_product', 'user_id': 1, 'added_category': 3, 'status_code': 200, 'duration': 0.006}
2026-08-22 03:51:07,805 - INFO - {'event': 'Get all poducts succeeded', 'method': 'POST', 'path': '/products/add_product', 'user_id': 1, 'status_code': 200, 'duration': 0.0}
2026-08-22 03:51:25,181 - INFO - {'event': 'Get poduct by name succeeded', 'method': 'POST', 'path': '/products/get_product_by_name', 'user_id': 1, 'product_name': "women's top", 'status_code': 200, 'duration': 0.001004}
2026-08-22 03:51:45,185 - INFO - {'event': 'Get poduct by id succeeded', 'method': 'POST', 'path': '/products/get_product_by_id', 'user_id': 1, 'product_id': 2, 'status_code': 200, 'duration': 0.0}
2026-08-22 03:52:01,152 - ERROR - {'event': 'Create product failed', 'method': 'POST', 'error': '404: Category not found', 'path': '/products/add_product', 'user_id': 1, 'duration': 0.001598}
2026-08-22 03:52:10,367 - INFO - {'event': 'Create poduct succeeded', 'method': 'POST', 'path': '/products/add_product', 'user_id': 1, 'added_category': 4, 'status_code': 200, 'duration': 0.02595}
2026-08-22 03:52:20,644 - INFO - {'event': 'Delete product succeeded', 'method': 'POST', 'path': '/products/update_product', 'user_id': 1, 'product_id': 4, 'status_code': 200, 'duration': 0.000998}
2026-08-22 03:52:26,611 - INFO - {'event': 'Get all poducts succeeded', 'method': 'POST', 'path': '/products/add_product', 'user_id': 1, 'status_code': 200, 'duration': 0.000587}
2026-08-22 03:53:52,843 - ERROR - {'event': 'Login succeeded', 'method': 'POST', 'path': '/people/login', 'user_phone': '09650557395', 'status_code': 200, 'duration_s': 0.081938}
2026-08-22 03:55:02,583 - INFO - {'event': 'Add order succeeded', 'method': 'POST', 'path': '/orders/add_order', 'user_id': 2, 'added_order': 1, 'status_code': 200, 'duration': 0.023232}
2026-08-22 03:55:18,424 - INFO - {'event': 'Add order succeeded', 'method': 'POST', 'path': '/orders/add_order', 'user_id': 2, 'added_order': 2, 'status_code': 200, 'duration': 0.023313}
2026-08-22 03:56:04,285 - INFO - {'event': "Get all cucstomer's orders succeeded", 'method': 'POST', 'path': '/orders/get_all_orders', 'user_id': 2, 'status_code': 200, 'duration': 0.0}
2026-08-22 03:56:14,200 - INFO - {'event': "Get customer's order by id succeeded", 'method': 'POST', 'path': '/orders/get_order_by_id', 'user_id': 2, 'status_code': 200, 'duration': 0.001543}
2026-08-22 03:57:20,632 - INFO - {'event': 'Update order items succeeded', 'method': 'POST', 'path': '/order_items/update_order_item', 'user_id': 2, 'order_id': 1, 'status_code': 200, 'duration': 0.017812}
2026-08-22 03:57:28,629 - INFO - {'event': "Get all cucstomer's orders succeeded", 'method': 'POST', 'path': '/orders/get_all_orders', 'user_id': 2, 'status_code': 200, 'duration': 0.000526}
2026-08-22 03:57:42,446 - INFO - {'event': 'Get all poducts succeeded', 'method': 'POST', 'path': '/products/add_product', 'user_id': 2, 'status_code': 200, 'duration': 0.0}
2026-08-22 03:58:10,482 - INFO - {'event': 'Amount deducted successfully', 'method': 'POST', 'path': '/Orders/add_order', 'user_id': 2, 'status_code': 200, 'duration_s': 0.0}
2026-08-22 03:58:24,513 - INFO - {'event': 'Remain wallet amount sent successfully', 'method': 'POST', 'path': '/Wallet/get_remain_wallet_amount', 'user_id': 2, 'status_code': 200, 'duration_s': 0.0}
2026-08-22 04:02:04,790 - INFO - {'event': 'The database shutdown successfully'}
2026-08-22 04:02:06,575 - INFO - {'event': 'Connection done successfully'}
2026-08-22 04:03:49,385 - INFO - {'event': 'The database shutdown successfully'}
2026-08-22 04:03:51,422 - INFO - {'event': 'Connection done successfully'}
2026-08-22 04:03:55,271 - INFO - {'event': 'Delete order succeeded', 'method': 'POST', 'path': '/orders/delete_order', 'user_id': 2, 'status_code': 200, 'duration': 0.047218}
2026-08-22 04:04:05,144 - ERROR - {'event': 'Get payment histories failed', 'method': 'POST', 'error': 'Not authorized to get payment histories', 'path': '/payment_history/read_payment_histories', 'user_id': 2, 'status_code': 403, 'duration': 0.0}
2026-08-22 04:04:05,144 - INFO - {'event': 'Get payment histories succeeded', 'method': 'POST', 'path': '/payment_history/read_payment_histories', 'user_id': 2, 'status_code': 200, 'duration': 0.0}
2026-08-22 04:04:17,763 - ERROR - {'event': 'Get payment history by id failed', 'method': 'POST', 'error': 'Not authorized to get payment history', 'path': '/payment_history/read_payment_history_by_id', 'user_id': 2, 'payment_history': 1, 'status_code': 403, 'duration': 0.0}
2026-08-22 04:04:33,632 - INFO - {'event': 'Get order items succeeded', 'method': 'POST', 'path': '/order_items/get_order_item', 'user_id': 2, 'order_id': 1, 'status_code': 200, 'duration': 0.003416}
2026-08-22 04:05:54,830 - INFO - {'event': 'Add order succeeded', 'method': 'POST', 'path': '/orders/add_order', 'user_id': 2, 'added_order': 3, 'status_code': 200, 'duration': 0.031342}
2026-08-22 04:06:09,247 - INFO - {'event': "Get all cucstomer's orders succeeded", 'method': 'POST', 'path': '/orders/get_all_orders', 'user_id': 2, 'status_code': 200, 'duration': 0.0}
2026-08-22 04:06:34,799 - INFO - {'event': "Get all cucstomer's orders succeeded", 'method': 'POST', 'path': '/orders/get_all_orders', 'user_id': 2, 'status_code': 200, 'duration': 0.0}
2026-08-22 04:06:50,797 - INFO - {'event': 'Get order items succeeded', 'method': 'POST', 'path': '/order_items/get_order_item', 'user_id': 2, 'order_id': 3, 'status_code': 200, 'duration': 0.002001}
2026-08-22 04:07:07,964 - INFO - {'event': 'The database shutdown successfully'}
